C51 COMPILER V9.00   IIC                                                                   08/03/2018 19:01:09 PAGE 1   


C51 COMPILER V9.00, COMPILATION OF MODULE IIC
OBJECT MODULE PLACED IN IIC.OBJ
COMPILER INVOKED BY: E:\keil\C51\BIN\C51.EXE IIC.c BROWSE DEBUG OBJECTEXTEND

line level    source

   1          #include "header.h"
   2          
   3          uchar speedvalue;       //数度设定值
   4          /*******************************************************************************
   5          * 函数名         : Delay10us()
   6          * 函数功能               : 延时10us
   7          * 输入           : 无
   8          * 输出           : 无
   9          *******************************************************************************/
  10          
  11          void Delay10us()
  12          {
  13   1              unsigned char a,b;
  14   1              for(b=1;b>0;b--)
  15   1                      for(a=2;a>0;a--);
  16   1      
  17   1      }
  18          
  19          /*******************************************************************************
  20          * 函数名         : I2cStartDistinguish()
  21          * 函数功能               : 识别起始信号
  22          * 输入           : 无
  23          * 输出           : 无
  24          *******************************************************************************/
  25          uchar I2cStartDistinguish()
  26          {
  27   1              SDA = 1;
  28   1              SCL = 1;
  29   1              while((SCL == 1) && (SDA == 1))
  30   1              {  
  31   2                      while((SCL == 1) && (SDA == 1));
  32   2                      while((SCL == 1) && (SDA == 0))
  33   2                      {        
  34   3                              while((SCL == 1) && (SDA == 0));
  35   3                              return 1;       
  36   3                      }
  37   2                      
  38   2              }
  39   1              
  40   1              return 0;
  41   1      }
  42          
  43          /*******************************************************************************
  44          * 函数名         : I2cStopDistinguish()
  45          * 函数功能               : 识别终止信号
  46          * 输入           : 无
  47          * 输出           : 无
  48          *******************************************************************************/
  49          uchar I2cStopDistinguish()
  50          {
  51   1              while((SCL == 1) && (SDA == 0))
  52   1              {
  53   2                      while((SCL == 1) && (SDA == 0));
  54   2                      while((SCL == 1) && (SDA == 1))
  55   2                      {
C51 COMPILER V9.00   IIC                                                                   08/03/2018 19:01:09 PAGE 2   

  56   3                              while((SCL == 1) && (SDA == 1));
  57   3                              return 1;       
  58   3                      }
  59   2                      
  60   2              }
  61   1              return 0;       
  62   1      }
  63          
  64          /*******************************************************************************
  65          * 函数名         : ReceiveByte()
  66          * 函数功能               : 接收一个字节的数据
  67          * 输入           : 无
  68          * 输出           : 无
  69          *******************************************************************************/
  70          uchar ReceiveByte()
  71          {
  72   1              unsigned char a,dat;
  73   1              SDA=1;                  //起始和发送一个字节之后SCL都是0
  74   1              Delay10us();
  75   1              for(a=0;a<8;a++)//接收8个字节
  76   1              {
  77   2                      SCL=1;
  78   2                      Delay10us();
  79   2                      dat<<=1;
  80   2                      dat|=SDA;
  81   2                      Delay10us();
  82   2                      SCL=0;
  83   2                      Delay10us();
  84   2              }
  85   1              
  86   1              SDA = 0;
  87   1              Delay10us();
  88   1              Delay10us();
  89   1              SDA = 1;
  90   1              return dat;
  91   1      }
  92          
  93          /*******************************************************************************
  94          * 函数名         : Receive()
  95          * 函数功能               : 接收速度设定值
  96          * 输入           : 无
  97          * 输出           : 无
  98          *******************************************************************************/
  99          void Receive()
 100          {
 101   1              uchar a = 200;
 102   1              if(I2cStartDistinguish() == 1)           //判断是否接收到起始信号
 103   1              {       
 104   2                      if(ReceiveByte() == 0x00)                //判断是否为写器件地址
 105   2                      {                                                               
 106   3                              if(ReceiveByte() == 0x01)        //判断是否为数据接收地址
 107   3                          {           
 108   4                                      speedvalue = ReceiveByte();        //接收数据
 109   4                                      a = 200;
 110   4                                      while((I2cStopDistinguish() == 0) && (a > 0))   //当接收到停止信号时跳出循环
 111   4                                      {
 112   5                                              a--;
 113   5                                      }
 114   4                          }   
 115   3                      }
 116   2              }       
 117   1      }
C51 COMPILER V9.00   IIC                                                                   08/03/2018 19:01:09 PAGE 3   

 118          
 119          
 120          


MODULE INFORMATION:   STATIC OVERLAYABLE
   CODE SIZE        =    163    ----
   CONSTANT SIZE    =   ----    ----
   XDATA SIZE       =   ----    ----
   PDATA SIZE       =   ----    ----
   DATA SIZE        =      1    ----
   IDATA SIZE       =   ----    ----
   BIT SIZE         =   ----    ----
END OF MODULE INFORMATION.


C51 COMPILATION COMPLETE.  0 WARNING(S),  0 ERROR(S)
