<html>
<body>
<pre>
<h1>礦ision Build Log</h1>
<h2>Tool Versions:</h2>
IDE-Version: μVision V5.15
Copyright (C) 2015 ARM Ltd and ARM Germany GmbH. All rights reserved.
License Information:  ,   , LIC=KIVDY-IMMPL-PFLIX-H5XIR-2DWAI-DAK5R
 
Tool Versions:
Toolchain:       MDK-ARM Professional  Version: 5.15.0
Toolchain Path:  D:\Keil_v5\ARM\ARMCC\Bin
C Compiler:      Armcc.exe V5.05 update 2 (build 169)
Assembler:       Armasm.exe V5.05 update 2 (build 169)
Linker/Locator:  ArmLink.exe V5.05 update 2 (build 169)
Library Manager: ArmAr.exe V5.05 update 2 (build 169)
Hex Converter:   FromElf.exe V5.05 update 2 (build 169)
CPU DLL:         SARMCM3.DLL V5.15.0
Dialog DLL:      DCM.DLL V1.13.2.0
Target DLL:      UL2CM3.DLL V1.155.8.0
Dialog DLL:      TCM.DLL V1.14.5.0
 
<h2>Project:</h2>
F:\Desktop\other\GitHub\VariousExerciseFiles\RTOS\新建 RT-Thread 工程—软件仿真\Project\Fire_RT-Thread.uvprojx
Project File Date:  02/14/2019

<h2>Output:</h2>
*** Using Compiler 'V5.05 update 2 (build 169)', folder: 'D:\Keil_v5\ARM\ARMCC\Bin'
Build target 'Target 1'
compiling main.c...
compiling cpuport.c...
compiling thread.c...
compiling scheduler.c...
compiling object.c...
compiling kservice.c...
compiling idle.c...
compiling irq.c...
compiling clock.c...
linking...
Program Size: Code=1648 RO-data=224 RW-data=76 ZI-data=6140  
".\Objects\Fire_RT-Thread.axf" - 0 Error(s), 0 Warning(s).

<h2>Software Packages used:</h2>

Package Vendor: ARM
                http://www.keil.com/pack/ARM.CMSIS.4.3.0.pack
                ARM::Device:Startup:1.0.1
                CMSIS (Cortex Microcontroller Software Interface Standard)
   * Component: Startup Version: 1.0.1
   * Component: CORE Version: 4.1.0

<h2>Collection of Component include folders:</h2>
  F:\Desktop\other\GitHub\VariousExerciseFiles\RTOS\新建 RT-Thread 工程—软件仿真\Project\RTE
  D:\Keil_v5\ARM\PACK\ARM\CMSIS\4.3.0\CMSIS\Include
  D:\Keil_v5\ARM\PACK\ARM\CMSIS\4.3.0\Device\ARM\ARMCM4\Include

<h2>Collection of Component Files used:</h2>

   * Component: ARM::Device:Startup:1.0.1
      Source file:   Device\ARM\ARMCM4\Source\ARM\startup_ARMCM4.s
      Source file:   Device\ARM\ARMCM4\Source\system_ARMCM4.c

   * Component: ARM::CMSIS:CORE:4.1.0
</pre>
</body>
</html>
